// Jest Snapshot v1, https://goo.gl/fbAQLP

exports[`\`PokemonPage Component debe de hacer match con el snapshot 1`] = `<h1>Espere por favor...</h1>`;

exports[`\`PokemonPage Component debe de hacer match con el snapshot, cuando cargan los pokemon 1`] = `
<div>
  <h1>Quién es este pokémon?</h1>
  <div class="pokemon-container"><img src="https://raw.githubusercontent.com/PokeAPI/sprites/master/sprites/pokemon/other/dream-world/1.svg" alt="pokemon" class="hidden-pokemon">
    <!--v-if-->
  </div>
  <div class="options-container">
    <ul>
      <li>Charmander</li>
      <li>Bulbasur</li>
      <li>Squirtel</li>
      <li>PiKachu</li>
    </ul>
  </div>
  <!--v-if-->
</div>
`;
