// Jest Snapshot v1, https://goo.gl/fbAQLP

exports[`PokemonOptions Component debe de hacer match con el snapshot 1`] = `
<div class="options-container">
  <ul>
    <li>Charizar</li>
    <li>Bulbasur</li>
    <li>Squirrel</li>
    <li>Picachu</li>
  </ul>
</div>
`;
